// Jest Snapshot v1, https://goo.gl/fbAQLP

exports[`<Layout /> can create variant via props 1`] = `
ShallowWrapper {
  "length": 1,
}
`;

exports[`<Layout /> doesn't wrap Cols in \`<Col>\` 1`] = `
ShallowWrapper {
  "length": 1,
}
`;

exports[`<Layout /> passes its \`col\` props down to its \`<Col>\` correctly 1`] = `
ShallowWrapper {
  "length": 1,
}
`;

exports[`<Layout /> renders correctly 1`] = `
<div
  className="layout"
/>
`;

exports[`<Layout /> renders its children 1`] = `
ShallowWrapper {
  "length": 1,
}
`;

exports[`<Layout /> wraps its child \`<Col>\` with column sizes 1`] = `
ShallowWrapper {
  "length": 1,
}
`;

exports[`<Layout /> wraps its child \`<Col>\` with column sizes 2`] = `
ShallowWrapper {
  "length": 1,
}
`;

exports[`<Layout /> wraps its children in \`<Col>\` 1`] = `
ShallowWrapper {
  "length": 1,
}
`;
